[    0.000000] Linux version 4.15.0-91-generic (buildd@lgw01-amd64-013) (gcc version 7.4.0 (Ubuntu 7.4.0-1ubuntu1~18.04.1)) #92-Ubuntu SMP Fri Feb 28 11:09:48 UTC 2020 (Ubuntu 4.15.0-91.92-generic 4.15.18)
[    0.000000] Command line: BOOT_IMAGE=/boot/vmlinuz-4.15.0-91-generic root=LABEL=cloudimg-rootfs ro console=tty1 console=ttyS0
[    0.000000] KERNEL supported cpus:
[    0.000000]   Intel GenuineIntel
[    0.000000]   AMD AuthenticAMD
[    0.000000]   Centaur CentaurHauls
[    0.000000] x86/fpu: Supporting XSAVE feature 0x001: 'x87 floating point registers'
[    0.000000] x86/fpu: Supporting XSAVE feature 0x002: 'SSE registers'
[    0.000000] x86/fpu: Supporting XSAVE feature 0x004: 'AVX registers'
[    0.000000] x86/fpu: xstate_offset[2]:  576, xstate_sizes[2]:  256
[    0.000000] x86/fpu: Enabled xstate features 0x7, context size is 832 bytes, using 'standard' format.
[    0.000000] e820: BIOS-provided physical RAM map:
[    0.000000] BIOS-e820: [mem 0x0000000000000000-0x000000000009fbff] usable
[    0.000000] BIOS-e820: [mem 0x000000000009fc00-0x000000000009ffff] reserved
[    0.000000] BIOS-e820: [mem 0x00000000000f0000-0x00000000000fffff] reserved
[    0.000000] BIOS-e820: [mem 0x0000000000100000-0x000000003ffeffff] usable
[    0.000000] BIOS-e820: [mem 0x000000003fff0000-0x000000003fffffff] ACPI data
[    0.000000] BIOS-e820: [mem 0x00000000fec00000-0x00000000fec00fff] reserved
[    0.000000] BIOS-e820: [mem 0x00000000fee00000-0x00000000fee00fff] reserved
[    0.000000] BIOS-e820: [mem 0x00000000fffc0000-0x00000000ffffffff] reserved
[    0.000000] NX (Execute Disable) protection: active
[    0.000000] SMBIOS 2.5 present.
[    0.000000] DMI: innotek GmbH VirtualBox/VirtualBox, BIOS VirtualBox 12/01/2006
[    0.000000] Hypervisor detected: KVM
[    0.000000] e820: last_pfn = 0x3fff0 max_arch_pfn = 0x400000000
[    0.000000] MTRR: Disabled
[    0.000000] x86/PAT: MTRRs disabled, skipping PAT initialization too.
[    0.000000] CPU MTRRs all blank - virtualized system.
[    0.000000] x86/PAT: Configuration [0-7]: WB  WT  UC- UC  WB  WT  UC- UC  
[    0.000000] found SMP MP-table at [mem 0x0009fff0-0x0009ffff]
[    0.000000] Scanning 1 areas for low memory corruption
[    0.000000] RAMDISK: [mem 0x35a6b000-0x36d2cfff]
[    0.000000] ACPI: Early table checksum verification disabled
[    0.000000] ACPI: RSDP 0x00000000000E0000 000024 (v02 VBOX  )
[    0.000000] ACPI: XSDT 0x000000003FFF0030 00003C (v01 VBOX   VBOXXSDT 00000001 ASL  00000061)
[    0.000000] ACPI: FACP 0x000000003FFF00F0 0000F4 (v04 VBOX   VBOXFACP 00000001 ASL  00000061)
[    0.000000] ACPI: DSDT 0x000000003FFF0470 002325 (v02 VBOX   VBOXBIOS 00000002 INTL 20100528)
[    0.000000] ACPI: FACS 0x000000003FFF0200 000040
[    0.000000] ACPI: FACS 0x000000003FFF0200 000040
[    0.000000] ACPI: APIC 0x000000003FFF0240 00005C (v02 VBOX   VBOXAPIC 00000001 ASL  00000061)
[    0.000000] ACPI: SSDT 0x000000003FFF02A0 0001CC (v01 VBOX   VBOXCPUT 00000002 INTL 20100528)
[    0.000000] No NUMA configuration found
[    0.000000] Faking a node at [mem 0x0000000000000000-0x000000003ffeffff]
[    0.000000] NODE_DATA(0) allocated [mem 0x3ffc5000-0x3ffeffff]
[    0.000000] kvm-clock: cpu 0, msr 0:3ff44001, primary cpu clock
[    0.000000] kvm-clock: Using msrs 4b564d01 and 4b564d00
[    0.000000] kvm-clock: using sched offset of 3724527987 cycles
[    0.000000] clocksource: kvm-clock: mask: 0xffffffffffffffff max_cycles: 0x1cd42e4dffb, max_idle_ns: 881590591483 ns
[    0.000000] Zone ranges:
[    0.000000]   DMA      [mem 0x0000000000001000-0x0000000000ffffff]
[    0.000000]   DMA32    [mem 0x0000000001000000-0x000000003ffeffff]
[    0.000000]   Normal   empty
[    0.000000]   Device   empty
[    0.000000] Movable zone start for each node
[    0.000000] Early memory node ranges
[    0.000000]   node   0: [mem 0x0000000000001000-0x000000000009efff]
[    0.000000]   node   0: [mem 0x0000000000100000-0x000000003ffeffff]
[    0.000000] Reserved but unavailable: 98 pages
[    0.000000] Initmem setup node 0 [mem 0x0000000000001000-0x000000003ffeffff]
[    0.000000] ACPI: PM-Timer IO Port: 0x4008
[    0.000000] IOAPIC[0]: apic_id 2, version 32, address 0xfec00000, GSI 0-23
[    0.000000] ACPI: INT_SRC_OVR (bus 0 bus_irq 0 global_irq 2 dfl dfl)
[    0.000000] ACPI: INT_SRC_OVR (bus 0 bus_irq 9 global_irq 9 low level)
[    0.000000] Using ACPI (MADT) for SMP configuration information
[    0.000000] smpboot: Allowing 2 CPUs, 0 hotplug CPUs
[    0.000000] PM: Registered nosave memory: [mem 0x00000000-0x00000fff]
[    0.000000] PM: Registered nosave memory: [mem 0x0009f000-0x0009ffff]
[    0.000000] PM: Registered nosave memory: [mem 0x000a0000-0x000effff]
[    0.000000] PM: Registered nosave memory: [mem 0x000f0000-0x000fffff]
[    0.000000] e820: [mem 0x40000000-0xfebfffff] available for PCI devices
[    0.000000] Booting paravirtualized kernel on KVM
[    0.000000] clocksource: refined-jiffies: mask: 0xffffffff max_cycles: 0xffffffff, max_idle_ns: 7645519600211568 ns
[    0.000000] random: get_random_bytes called from start_kernel+0x99/0x4fd with crng_init=0
[    0.000000] setup_percpu: NR_CPUS:8192 nr_cpumask_bits:2 nr_cpu_ids:2 nr_node_ids:1
[    0.000000] percpu: Embedded 45 pages/cpu s147456 r8192 d28672 u1048576
[    0.000000] PV qspinlock hash table entries: 256 (order: 0, 4096 bytes)
[    0.000000] Built 1 zonelists, mobility grouping on.  Total pages: 257913
[    0.000000] Policy zone: DMA32
[    0.000000] Kernel command line: BOOT_IMAGE=/boot/vmlinuz-4.15.0-91-generic root=LABEL=cloudimg-rootfs ro console=tty1 console=ttyS0
[    0.000000] Memory: 983060K/1048120K available (12300K kernel code, 2481K rwdata, 4264K rodata, 2432K init, 2712K bss, 65060K reserved, 0K cma-reserved)
[    0.000000] SLUB: HWalign=64, Order=0-3, MinObjects=0, CPUs=2, Nodes=1
[    0.000000] Kernel/User page tables isolation: enabled
[    0.000000] ftrace: allocating 39347 entries in 154 pages
[    0.004000] Hierarchical RCU implementation.
[    0.004000] 	RCU restricting CPUs from NR_CPUS=8192 to nr_cpu_ids=2.
[    0.004000] 	Tasks RCU enabled.
[    0.004000] RCU: Adjusting geometry for rcu_fanout_leaf=16, nr_cpu_ids=2
[    0.004000] NR_IRQS: 524544, nr_irqs: 440, preallocated irqs: 16
[    0.004000] Console: colour VGA+ 80x25
[    0.004000] console [tty1] enabled
[    0.004000] console [ttyS0] enabled
[    0.004000] ACPI: Core revision 20170831
[    0.004000] ACPI: 2 ACPI AML tables successfully acquired and loaded
[    0.004000] APIC: Switch to symmetric I/O mode setup
[    0.004000] x2apic enabled
[    0.004000] Switched APIC routing to physical x2apic.
[    0.004000] ..TIMER: vector=0x30 apic1=0 pin1=2 apic2=-1 pin2=-1
[    0.004003] tsc: Detected 2207.998 MHz processor
[    0.004973] Calibrating delay loop (skipped) preset value.. 4415.99 BogoMIPS (lpj=8831992)
[    0.005582] pid_max: default: 32768 minimum: 301
[    0.008026] Security Framework initialized
[    0.008884] Yama: becoming mindful.
[    0.009610] AppArmor: AppArmor initialized
[    0.012000] Dentry cache hash table entries: 131072 (order: 8, 1048576 bytes)
[    0.012044] Inode-cache hash table entries: 65536 (order: 7, 524288 bytes)
[    0.013391] Mount-cache hash table entries: 2048 (order: 2, 16384 bytes)
[    0.016003] Mountpoint-cache hash table entries: 2048 (order: 2, 16384 bytes)
[    0.017540] Last level iTLB entries: 4KB 64, 2MB 8, 4MB 8
[    0.018620] Last level dTLB entries: 4KB 64, 2MB 0, 4MB 0, 1GB 4
[    0.020002] Spectre V1 : Mitigation: usercopy/swapgs barriers and __user pointer sanitization
[    0.021581] Spectre V2 : Mitigation: Full generic retpoline
[    0.022613] Spectre V2 : Spectre v2 / SpectreRSB mitigation: Filling RSB on context switch
[    0.024001] Speculative Store Bypass: Vulnerable
[    0.024934] MDS: Vulnerable: Clear CPU buffers attempted, no microcode
[    0.026395] Freeing SMP alternatives memory: 36K
[    0.137725] smpboot: CPU0: Intel(R) Core(TM) i7-8750H CPU @ 2.20GHz (family: 0x6, model: 0x9e, stepping: 0xa)
[    0.139675] Performance Events: unsupported p6 CPU model 158 no PMU driver, software events only.
[    0.140000] Hierarchical SRCU implementation.
[    0.140439] NMI watchdog: Perf event create on CPU 0 failed with -2
[    0.141612] NMI watchdog: Perf NMI watchdog permanently disabled
[    0.142737] smp: Bringing up secondary CPUs ...
[    0.144058] x86: Booting SMP configuration:
[    0.144872] .... node  #0, CPUs:      #1
[    0.004000] kvm-clock: cpu 1, msr 0:3ff44041, secondary cpu clock
[    0.148014] smp: Brought up 1 node, 2 CPUs
[    0.148919] smpboot: Max logical packages: 1
[    0.149835] smpboot: Total of 2 processors activated (8831.99 BogoMIPS)
[    0.152086] devtmpfs: initialized
[    0.152839] x86/mm: Memory block size: 128MB
[    0.153838] evm: security.selinux
[    0.154539] evm: security.SMACK64
[    0.155228] evm: security.SMACK64EXEC
[    0.156002] evm: security.SMACK64TRANSMUTE
[    0.156890] evm: security.SMACK64MMAP
[    0.157631] evm: security.apparmor
[    0.158340] evm: security.ima
[    0.158979] evm: security.capability
[    0.160077] clocksource: jiffies: mask: 0xffffffff max_cycles: 0xffffffff, max_idle_ns: 7645041785100000 ns
[    0.161866] futex hash table entries: 512 (order: 3, 32768 bytes)
[    0.164017] pinctrl core: initialized pinctrl subsystem
[    0.165219] RTC time:  3:20:11, date: 03/31/20
[    0.166312] NET: Registered protocol family 16
[    0.167269] audit: initializing netlink subsys (disabled)
[    0.168021] audit: type=2000 audit(1585624816.584:1): state=initialized audit_enabled=0 res=1
[    0.169605] cpuidle: using governor ladder
[    0.169605] cpuidle: using governor menu
[    0.172036] ACPI: bus type PCI registered
[    0.172878] acpiphp: ACPI Hot Plug PCI Controller Driver version: 0.5
[    0.174156] PCI: Using configuration type 1 for base access
[    0.176144] HugeTLB registered 2.00 MiB page size, pre-allocated 0 pages
[    0.177279] ACPI: Added _OSI(Module Device)
[    0.180003] ACPI: Added _OSI(Processor Device)
[    0.180939] ACPI: Added _OSI(3.0 _SCP Extensions)
[    0.181971] ACPI: Added _OSI(Processor Aggregator Device)
[    0.183075] ACPI: Added _OSI(Linux-Dell-Video)
[    0.183940] ACPI: Added _OSI(Linux-Lenovo-NV-HDMI-Audio)
[    0.184001] ACPI: Added _OSI(Linux-HPI-Hybrid-Graphics)
[    0.185314] ACPI: Executed 1 blocks of module-level executable AML code
[    0.190681] ACPI: Interpreter enabled
[    0.191443] ACPI: (supports S0 S5)
[    0.192001] ACPI: Using IOAPIC for interrupt routing
[    0.193301] PCI: Using host bridge windows from ACPI; if necessary, use "pci=nocrs" and report a bug
[    0.195305] ACPI: Enabled 2 GPEs in block 00 to 07
[    0.202791] ACPI: PCI Root Bridge [PCI0] (domain 0000 [bus 00-ff])
[    0.204000] acpi PNP0A03:00: _OSC: OS supports [ASPM ClockPM Segments MSI]
[    0.204515] acpi PNP0A03:00: _OSC: not requesting OS control; OS requires [ExtendedConfig ASPM ClockPM MSI]
[    0.206287] acpi PNP0A03:00: fail to add MMCONFIG information, can't access extended PCI configuration space under this bridge.
[    0.208359] PCI host bridge to bus 0000:00
[    0.209284] pci_bus 0000:00: root bus resource [io  0x0000-0x0cf7 window]
[    0.212002] pci_bus 0000:00: root bus resource [io  0x0d00-0xffff window]
[    0.213915] pci_bus 0000:00: root bus resource [mem 0x000a0000-0x000bffff window]
[    0.215421] pci_bus 0000:00: root bus resource [mem 0x40000000-0xfdffffff window]
[    0.216003] pci_bus 0000:00: root bus resource [bus 00-ff]
[    0.218808] pci 0000:00:01.1: legacy IDE quirk: reg 0x10: [io  0x01f0-0x01f7]
[    0.220002] pci 0000:00:01.1: legacy IDE quirk: reg 0x14: [io  0x03f6]
[    0.221254] pci 0000:00:01.1: legacy IDE quirk: reg 0x18: [io  0x0170-0x0177]
[    0.224002] pci 0000:00:01.1: legacy IDE quirk: reg 0x1c: [io  0x0376]
[    0.236141] pci 0000:00:07.0: quirk: [io  0x4000-0x403f] claimed by PIIX4 ACPI
[    0.237650] pci 0000:00:07.0: quirk: [io  0x4100-0x410f] claimed by PIIX4 SMB
[    0.243253] ACPI: PCI Interrupt Link [LNKA] (IRQs 5 9 10 *11)
[    0.244312] ACPI: PCI Interrupt Link [LNKB] (IRQs 5 9 *10 11)
[    0.245658] ACPI: PCI Interrupt Link [LNKC] (IRQs 5 *9 10 11)
[    0.246943] ACPI: PCI Interrupt Link [LNKD] (IRQs 5 9 10 *11)
[    0.248251] SCSI subsystem initialized
[    0.249077] pci 0000:00:02.0: vgaarb: setting as boot VGA device
[    0.249141] pci 0000:00:02.0: vgaarb: VGA device added: decodes=io+mem,owns=io+mem,locks=none
[    0.252007] pci 0000:00:02.0: vgaarb: bridge control possible
[    0.253095] vgaarb: loaded
[    0.253777] ACPI: bus type USB registered
[    0.254566] usbcore: registered new interface driver usbfs
[    0.256014] usbcore: registered new interface driver hub
[    0.257115] usbcore: registered new device driver usb
[    0.258203] EDAC MC: Ver: 3.0.0
[    0.260044] PCI: Using ACPI for IRQ routing
[    0.261149] NetLabel: Initializing
[    0.261838] NetLabel:  domain hash size = 128
[    0.262774] NetLabel:  protocols = UNLABELED CIPSOv4 CALIPSO
[    0.264017] NetLabel:  unlabeled traffic allowed by default
[    0.265068] clocksource: Switched to clocksource kvm-clock
[    0.286610] VFS: Disk quotas dquot_6.6.0
[    0.287474] VFS: Dquot-cache hash table entries: 512 (order 0, 4096 bytes)
[    0.288926] AppArmor: AppArmor Filesystem Enabled
[    0.289934] pnp: PnP ACPI init
[    0.291528] pnp: PnP ACPI: found 3 devices
[    0.301260] clocksource: acpi_pm: mask: 0xffffff max_cycles: 0xffffff, max_idle_ns: 2085701024 ns
[    0.302945] NET: Registered protocol family 2
[    0.303886] TCP established hash table entries: 8192 (order: 4, 65536 bytes)
[    0.305212] TCP bind hash table entries: 8192 (order: 5, 131072 bytes)
[    0.308589] TCP: Hash tables configured (established 8192 bind 8192)
[    0.309825] UDP hash table entries: 512 (order: 2, 16384 bytes)
[    0.310916] UDP-Lite hash table entries: 512 (order: 2, 16384 bytes)
[    0.312264] NET: Registered protocol family 1
[    0.313172] pci 0000:00:00.0: Limiting direct PCI/PCI transfers
[    0.314315] pci 0000:00:01.0: Activating ISA DMA hang workarounds
[    0.315511] pci 0000:00:02.0: Video device with shadowed ROM at [mem 0x000c0000-0x000dffff]
[    0.317169] Unpacking initramfs...
[    0.607257] Freeing initrd memory: 19208K
[    0.608222] clocksource: tsc: mask: 0xffffffffffffffff max_cycles: 0x1fd3b6211b4, max_idle_ns: 440795230313 ns
[    0.610185] platform rtc_cmos: registered platform RTC device (no PNP device found)
[    0.611724] Scanning for low memory corruption every 60 seconds
[    0.613532] Initialise system trusted keyrings
[    0.614458] Key type blacklist registered
[    0.615364] workingset: timestamp_bits=36 max_order=18 bucket_order=0
[    0.617459] zbud: loaded
[    0.618497] squashfs: version 4.0 (2009/01/31) Phillip Lougher
[    0.619800] fuse init (API version 7.26)
[    0.623149] Key type asymmetric registered
[    0.624035] Asymmetric key parser 'x509' registered
[    0.625032] Block layer SCSI generic (bsg) driver version 0.4 loaded (major 246)
[    0.626507] io scheduler noop registered
[    0.627346] io scheduler deadline registered
[    0.628282] io scheduler cfq registered (default)
[    0.629491] ACPI: AC Adapter [AC] (on-line)
[    0.630366] input: Power Button as /devices/LNXSYSTM:00/LNXPWRBN:00/input/input0
[    0.631897] ACPI: Power Button [PWRF]
[    0.632697] input: Sleep Button as /devices/LNXSYSTM:00/LNXSLPBN:00/input/input1
[    0.634137] ACPI: Sleep Button [SLPF]
[    0.635856] ACPI: Battery Slot [BAT0] (battery present)
[    0.636963] Serial: 8250/16550 driver, 32 ports, IRQ sharing enabled
[    0.658865] 00:02: ttyS0 at I/O 0x3f8 (irq = 4, base_baud = 115200) is a 16550A
[    0.664317] Linux agpgart interface v0.103
[    0.666421] loop: module loaded
[    0.667511] scsi host0: ata_piix
[    0.668322] scsi host1: ata_piix
[    0.669029] ata1: PATA max UDMA/33 cmd 0x1f0 ctl 0x3f6 bmdma 0xd000 irq 14
[    0.670319] ata2: PATA max UDMA/33 cmd 0x170 ctl 0x376 bmdma 0xd008 irq 15
[    0.671641] libphy: Fixed MDIO Bus: probed
[    0.672567] tun: Universal TUN/TAP device driver, 1.6
[    0.673805] PPP generic driver version 2.4.2
[    0.674866] ehci_hcd: USB 2.0 'Enhanced' Host Controller (EHCI) Driver
[    0.676178] ehci-pci: EHCI PCI platform driver
[    0.677082] ehci-platform: EHCI generic platform driver
[    0.678124] ohci_hcd: USB 1.1 'Open' Host Controller (OHCI) Driver
[    0.679546] ohci-pci: OHCI PCI platform driver
[    0.680516] ohci-platform: OHCI generic platform driver
[    0.681523] uhci_hcd: USB Universal Host Controller Interface driver
[    0.682736] i8042: PNP: PS/2 Controller [PNP0303:PS2K,PNP0f03:PS2M] at 0x60,0x64 irq 1,12
[    0.684823] serio: i8042 KBD port at 0x60,0x64 irq 1
[    0.685811] serio: i8042 AUX port at 0x60,0x64 irq 12
[    0.686996] mousedev: PS/2 mouse device common for all mice
[    0.688672] rtc_cmos rtc_cmos: rtc core: registered rtc_cmos as rtc0
[    0.690036] rtc_cmos rtc_cmos: alarms up to one day, 114 bytes nvram
[    0.691310] input: AT Translated Set 2 keyboard as /devices/platform/i8042/serio0/input/input2
[    0.693034] i2c /dev entries driver
[    0.693880] device-mapper: uevent: version 1.0.3
[    0.694912] device-mapper: ioctl: 4.37.0-ioctl (2017-09-20) initialised: dm-devel@redhat.com
[    0.696849] ledtrig-cpu: registered to indicate activity on CPUs
[    0.698450] NET: Registered protocol family 10
[    0.702341] Segment Routing with IPv6
[    0.703155] NET: Registered protocol family 17
[    0.704166] Key type dns_resolver registered
[    0.705311] mce: Using 0 MCE banks
[    0.706028] RAS: Correctable Errors collector initialized.
[    0.707088] sched_clock: Marking stable (705285543, 0)->(918356454, -213070911)
[    0.709103] registered taskstats version 1
[    0.709986] Loading compiled-in X.509 certificates
[    0.712664] Loaded X.509 cert 'Build time autogenerated kernel key: d019e8c5f4cbc828f6af43369f65a014a3a68371'
[    0.714531] zswap: loaded using pool lzo/zbud
[    0.717945] Key type big_key registered
[    0.718784] Key type trusted registered
[    0.720901] Key type encrypted registered
[    0.721712] AppArmor: AppArmor sha1 policy hashing enabled
[    0.722764] ima: No TPM chip found, activating TPM-bypass! (rc=-19)
[    0.723940] ima: Allocated hash algorithm: sha1
[    0.724976] evm: HMAC attrs: 0x1
[    0.725843]   Magic number: 12:896:311
[    0.726736] rtc_cmos rtc_cmos: setting system clock to 2020-03-31 03:20:11 UTC (1585624811)
[    0.728594] BIOS EDD facility v0.16 2004-Jun-25, 0 devices found
[    0.729733] EDD information not available.
[    0.864857] Freeing unused kernel image memory: 2432K
[    0.873086] Write protecting the kernel read-only data: 20480k
[    0.875116] Freeing unused kernel image memory: 2008K
[    0.876556] Freeing unused kernel image memory: 1880K
[    0.884690] x86/mm: Checked W+X mappings: passed, no W+X pages found.
[    0.885754] x86/mm: Checking user space page tables
[    0.893421] x86/mm: Checked W+X mappings: passed, no W+X pages found.
Loading, please wait...
starting version 237
[    0.950175] e1000: Intel(R) PRO/1000 Network Driver - version 7.3.21-k8-NAPI
[    0.951558] e1000: Copyright (c) 1999-2006 Intel Corporation.
[    0.954247] Fusion MPT base driver 3.04.20
[    0.955100] Copyright (c) 1999-2008 LSI Corporation
[    0.978905] Fusion MPT SPI Host driver 3.04.20
[    0.981561] AVX2 version of gcm_enc/dec engaged.
[    0.982445] AES CTR mode by8 optimization enabled
[    1.174861] input: ImExPS/2 Generic Explorer Mouse as /devices/platform/i8042/serio1/input/input4
[    1.644639] e1000 0000:00:03.0 eth0: (PCI:33MHz:32-bit) 02:39:67:45:9c:e6
[    1.646032] e1000 0000:00:03.0 eth0: Intel(R) PRO/1000 Network Connection
[    1.648278] e1000 0000:00:03.0 enp0s3: renamed from eth0
[    1.649424] mptbase: ioc0: Initiating bringup
[    1.745348] ioc0: LSI53C1030 A0: Capabilities={Initiator}
[    1.997929] scsi host2: ioc0: LSI53C1030 A0, FwRev=00000000h, Ports=1, MaxQ=256, IRQ=20
[    2.178488] scsi 2:0:0:0: Direct-Access     VBOX     HARDDISK         1.0  PQ: 0 ANSI: 5
[    3.009039] scsi target2:0:0: Beginning Domain Validation
[    3.019600] scsi target2:0:0: Domain Validation skipping write tests
[    3.020840] scsi target2:0:0: Ending Domain Validation
[    3.021972] scsi target2:0:0: asynchronous
[    3.023775] scsi 2:0:1:0: Direct-Access     VBOX     HARDDISK         1.0  PQ: 0 ANSI: 5
[    4.032313] scsi target2:0:1: Beginning Domain Validation
[    4.042159] random: fast init done
[    4.043548] scsi target2:0:1: Domain Validation skipping write tests
[    4.045029] scsi target2:0:1: Ending Domain Validation
[    4.046162] scsi target2:0:1: asynchronous
[    4.051900] random: systemd-udevd: uninitialized urandom read (16 bytes read)
[    4.053375] random: systemd-udevd: uninitialized urandom read (16 bytes read)
[    4.054725] random: systemd-udevd: uninitialized urandom read (16 bytes read)
[    4.056415] sd 2:0:0:0: Attached scsi generic sg0 type 0
[    4.057807] sd 2:0:0:0: [sda] 20971520 512-byte logical blocks: (10.7 GB/10.0 GiB)
[    4.059453] sd 2:0:0:0: [sda] Write Protect is off
[    4.059468] sd 2:0:1:0: Attached scsi generic sg1 type 0
[    4.062808] sd 2:0:1:0: [sdb] 20480 512-byte logical blocks: (10.5 MB/10.0 MiB)
[    4.064045] sd 2:0:0:0: [sda] Incomplete mode parameter data
[    4.065035] sd 2:0:0:0: [sda] Assuming drive cache: write through
[    4.066033] sd 2:0:1:0: [sdb] Write Protect is off
[    4.067165] sd 2:0:1:0: [sdb] Incomplete mode parameter data
[    4.068054] sd 2:0:1:0: [sdb] Assuming drive cache: write through
[    4.071057]  sda: sda1
[    4.073218] sd 2:0:0:0: [sda] Attached SCSI disk
[    4.076148] sd 2:0:1:0: [sdb] Attached SCSI disk
Begin: Loading essential drivers ... [    5.748521] raid6: sse2x1   gen() 13706 MB/s
[    5.796386] raid6: sse2x1   xor()  9894 MB/s
[    5.844273] raid6: sse2x2   gen() 16581 MB/s
[    5.892126] raid6: sse2x2   xor() 10536 MB/s
[    5.940010] raid6: sse2x4   gen() 19372 MB/s
[    5.988752] raid6: sse2x4   xor() 11616 MB/s
[    6.036565] raid6: avx2x1   gen() 27298 MB/s
[    6.084016] raid6: avx2x1   xor() 19169 MB/s
[    6.132184] raid6: avx2x2   gen() 34131 MB/s
[    6.180012] raid6: avx2x2   xor() 20809 MB/s
[    6.228774] raid6: avx2x4   gen() 38767 MB/s
[    6.276660] raid6: avx2x4   xor() 23392 MB/s
[    6.277529] raid6: using algorithm avx2x4 gen() 38767 MB/s
[    6.278559] raid6: .... xor() 23392 MB/s, rmw enabled
[    6.279614] raid6: using avx2x2 recovery algorithm
[    6.281603] xor: automatically using best checksumming function   avx       
[    6.283898] async_tx: api initialized (async)
done.
Begin: Running /scripts/init-premount ... done.
Begin: Mounting root file system ... Begin: Running /scripts/local-top ... done.
Begin: Running /scripts/local-premount ... [    6.320890] Btrfs loaded, crc32c=crc32c-intel
Scanning for Btrfs filesystems
done.
Warning: fsck not present, so skipping root file system
[    6.357409] EXT4-fs (sda1): mounted filesystem with ordered data mode. Opts: (null)
done.
Begin: Running /scripts/local-bottom ... done.
Begin: Running /scripts/init-bottom ... done.
[    6.670677] ip_tables: (C) 2000-2006 Netfilter Core Team
[    6.696859] systemd[1]: systemd 237 running in system mode. (+PAM +AUDIT +SELINUX +IMA +APPARMOR +SMACK +SYSVINIT +UTMP +LIBCRYPTSETUP +GCRYPT +GNUTLS +ACL +XZ +LZ4 +SECCOMP +BLKID +ELFUTILS +KMOD -IDN2 +IDN -PCRE2 default-hierarchy=hybrid)
[    6.700895] systemd[1]: Detected virtualization oracle.
[    6.701933] systemd[1]: Detected architecture x86-64.

Welcome to [1mUbuntu 18.04.4 LTS[0m!

[    6.717127] systemd[1]: Set hostname to <ubuntu>.
[    6.731641] systemd[1]: Initializing machine ID from random generator.
[    6.732936] systemd[1]: Installed transient /etc/machine-id file.
[    7.163162] systemd[1]: Set up automount Arbitrary Executable File Formats File System Automount Point.
[[0;32m  OK  [0m] Set up automount Arbitrary Executabâ€¦rmats File System Automount Point.
[    7.176758] systemd[1]: Reached target System Time Synchronized.
[[0;32m  OK  [0m] Reached target System Time Synchronized.
[    7.189436] systemd[1]: Created slice User and Session Slice.
[[0;32m  OK  [0m] Created slice User and Session Slice.
[    7.200780] systemd[1]: Started Forward Password Requests to Wall Directory Watch.
[[0;32m  OK  [0m] Started Forward Password Requests to Wall Directory Watch.
[[0;32m  OK  [0m] Reached target User and Group Name Lookups.
[[0;32m  OK  [0m] Reached target Swap.
[[0;32m  OK  [0m] Created slice System Slice.
[[0;32m  OK  [0m] Created slice system-serial\x2dgetty.slice.
[[0;32m  OK  [0m] Listening on LVM2 metadata daemon socket.
[[0;32m  OK  [0m] Listening on /dev/initctl Compatibility Named Pipe.
[[0;32m  OK  [0m] Listening on udev Control Socket.
[[0;32m  OK  [0m] Listening on Network Service Netlink Socket.
[[0;32m  OK  [0m] Listening on Syslog Socket.
[[0;32m  OK  [0m] Listening on Journal Audit Socket.
[[0;32m  OK  [0m] Reached target Slices.
[[0;32m  OK  [0m] Listening on LVM2 poll daemon socket.
[[0;32m  OK  [0m] Listening on udev Kernel Socket.
[[0;32m  OK  [0m] Listening on Journal Socket.
         Starting Uncomplicated firewall...
         Starting Set the console keyboard layout...
         Mounting POSIX Message Queue File System...
         Mounting Huge Pages File System...
         Starting udev Coldplug all Devices...
         Starting Remount Root and Kernel File Systems...
         Starting Create list of required stâ€¦ce nodes for the current kernel...
         Mounting Kernel Debug File System...
         Starting Load Kernel Modules...
[    7.384831] EXT4-fs (sda1): re-mounted. Opts: (null)
[[0;32m  OK  [0m] Listening on Device-mapper event daemon FIFOs.
         Starting Monitoring of LVM2 mirrorsâ€¦ng dmeventd or progress polling...
[    7.399982] Loading iSCSI transport class v2.0-870.
[[0;32m  OK  [0m] Listening on Journal Socket (/dev/log).
[    7.407380] iscsi: registered transport (tcp)
         Starting Journal Service...
[[0;32m  OK  [0m] Started Uncomplicated firewall.
[[0;32m  OK  [0m] Mounted POSIX Message Queue File System.
[[0;32m  OK  [0m] Mounted Huge Pages File System.
[[0;32m  OK  [0m] Started Remount Root and Kernel File Systems.
[[0;32m  OK  [0m] Started Create list of required staâ€¦vice nodes for the current kernel.
[[0;32m  OK  [0m] Mounted Kernel Debug File System.
         Starting Create Static Device Nodes in /dev...
[    7.483944] iscsi: registered transport (iser)
         Starting Load/Save Random Seed...
[[0;32m  OK  [0m] Started Journal Service.
[[0;32m  OK  [0m] Started Load Kernel Modules.
[[0;32m  OK  [0m] Started Set the console keyboard layout.
[[0;32m  OK  [0m] Started udev Coldplug all Devices.
[[0;32m  OK  [0m] Started Create Static Device Nodes in /dev.
[[0;32m  OK  [0m] Started Load/Save Random Seed.
[[0;32m  OK  [0m] Started LVM2 metadata daemon.
         Starting udev Kernel Device Manager...
         Mounting Kernel Configuration File System...
         Mounting FUSE Control File System...
         Starting Apply Kernel Variables...
         Starting Flush Journal to Persistent Storage...
[[0;32m  OK  [0m] Started Monitoring of LVM2 mirrors,â€¦sing dmeventd or progress polling.
[[0;32m  OK  [0m] Mounted Kernel Configuration File System.
[[0;32m  OK  [0m] Started udev Kernel Device Manager.
[[0;32m  OK  [0m] Mounted FUSE Control File System.
[[0;32m  OK  [0m] Started Dispatch Password Requests to Console Directory Watch.
[[0;32m  OK  [0m] Reached target Local Encrypted Volumes.
[[0;32m  OK  [0m] Reached target Local File Systems (Pre).
[[0;32m  OK  [0m] Reached target Local File Systems.
         Starting Set console font and keymap...
         Starting AppArmor initialization...
         Starting Commit a transient machine-id on disk...
         Starting ebtables ruleset management...
         Starting Tell Plymouth To Write Out Runtime Data...
[[0;32m  OK  [0m] Started Apply Kernel Variables.
[[0;32m  OK  [0m] Started Set console font and keymap.
[[0;32m  OK  [0m] Started Tell Plymouth To Write Out Runtime Data.
[[0;32m  OK  [0m] Started Flush Journal to Persistent Storage.
         Starting Create Volatile Files and Directories...
[[0;32m  OK  [0m] Started Commit a transient machine-id on disk.
[[0;32m  OK  [0m] Started ebtables ruleset management.
[[0;32m  OK  [0m] Started Create Volatile Files and Directories.
         Starting Update UTMP about System Boot/Shutdown...
[[0;32m  OK  [0m] Started Update UTMP about System Boot/Shutdown.
[[0;32m  OK  [0m] Found device /dev/ttyS0.
[[0;32m  OK  [0m] Listening on Load/Save RF Kill Switch Status /dev/rfkill Watch.
[[0;32m  OK  [0m] Started AppArmor initialization.
         Starting Initial cloud-init job (pre-networking)...
[   10.909004] cloud-init[538]: Cloud-init v. 19.4-33-gbb4131a2-0ubuntu1~18.04.1 running 'init-local' at Tue, 31 Mar 2020 03:20:21 +0000. Up 10.46 seconds.
[[0;32m  OK  [0m] Started Initial cloud-init job (pre-networking).
[[0;32m  OK  [0m] Reached target Network (Pre).
         Starting Network Service...
[[0;32m  OK  [0m] Started Network Service.
         Starting Wait for Network to be Configured...
         Starting Network Name Resolution...
[[0;32m  OK  [0m] Started Network Name Resolution.
[[0;32m  OK  [0m] Reached target Network.
[[0;32m  OK  [0m] Reached target Host and Network Name Lookups.
[[0;32m  OK  [0m] Started Wait for Network to be Configured.
         Starting Initial cloud-init job (metadata service crawler)...
[   13.218012] cloud-init[664]: Cloud-init v. 19.4-33-gbb4131a2-0ubuntu1~18.04.1 running 'init' at Tue, 31 Mar 2020 03:20:23 +0000. Up 13.03 seconds.
[   13.232182] cloud-init[664]: ci-info: ++++++++++++++++++++++++++++++++++++++Net device info++++++++++++++++++++++++++++++++++++++
[   13.244182] cloud-init[664]: ci-info: +--------+------+----------------------------+---------------+--------+-------------------+
[   13.260732] cloud-init[664]: ci-info: | Device |  Up  |          Address           |      Mask     | Scope  |     Hw-Address    |
[   13.272986] cloud-init[664]: ci-info: +--------+------+----------------------------+---------------+--------+-------------------+
[   13.292140] cloud-init[664]: ci-info: | enp0s3 | True |         10.0.2.15          | 255.255.255.0 | global | 02:39:67:45:9c:e6 |
[   13.292875] cloud-init[664]: ci-info: | enp0s3 | True | fe80::39:67ff:fe45:9ce6/64 |       .       |  link  | 02:39:67:45:9c:e6 |
[   13.293822] cloud-init[664]: ci-info: |   lo   | True |         127.0.0.1          |   255.0.0.0   |  host  |         .         |
[   13.304235] cloud-init[664]: ci-info: |   lo   | True |          ::1/128           |       .       |  host  |         .         |
[   13.305241] cloud-init[664]: ci-info: +--------+------+----------------------------+---------------+--------+-------------------+
[   13.306328] cloud-init[664]: ci-info: ++++++++++++++++++++++++++++Route IPv4 info+++++++++++++++++++++++++++++
[   13.316461] cloud-init[664]: ci-info: +-------+-------------+----------+-----------------+-----------+-------+
[   13.328141] cloud-init[664]: ci-info: | Route | Destination | Gateway  |     Genmask     | Interface | Flags |
[   13.340384] cloud-init[664]: ci-info: +-------+-------------+----------+-----------------+-----------+-------+
[   13.341108] cloud-init[664]: ci-info: |   0   |   0.0.0.0   | 10.0.2.2 |     0.0.0.0     |   enp0s3  |   UG  |
[   13.342129] cloud-init[664]: ci-info: |   1   |   10.0.2.0  | 0.0.0.0  |  255.255.255.0  |   enp0s3  |   U   |
[   13.356432] cloud-init[664]: ci-info: |   2   |   10.0.2.2  | 0.0.0.0  | 255.255.255.255 |   enp0s3  |   UH  |
[   13.368219] cloud-init[664]: ci-info: +-------+-------------+----------+-----------------+-----------+-------+
[   13.380865] cloud-init[664]: ci-info: +++++++++++++++++++Route IPv6 info+++++++++++++++++++
[   13.381477] cloud-init[664]: ci-info: +-------+-------------+---------+-----------+-------+
[   13.397010] cloud-init[664]: ci-info: | Route | Destination | Gateway | Interface | Flags |
[   13.397652] cloud-init[664]: ci-info: +-------+-------------+---------+-----------+-------+
[   13.416349] cloud-init[664]: ci-info: |   1   |  fe80::/64  |    ::   |   enp0s3  |   U   |
[   13.425484] cloud-init[664]: ci-info: |   3   |    local    |    ::   |   enp0s3  |   U   |
[   13.436595] cloud-init[664]: ci-info: |   4   |   ff00::/8  |    ::   |   enp0s3  |   U   |
[   13.448255] cloud-init[664]: ci-info: +-------+-------------+---------+-----------+-------+
[   14.598677] cloud-init[664]: Generating public/private rsa key pair.
[   14.608383] cloud-init[664]: Your identification has been saved in /etc/ssh/ssh_host_rsa_key.
[   14.620619] cloud-init[664]: Your public key has been saved in /etc/ssh/ssh_host_rsa_key.pub.
[   14.632316] cloud-init[664]: The key fingerprint is:
[   14.632730] cloud-init[664]: SHA256:1J1sDw53xcFnPJeO/APFQAbUF89YMw4dYlETrf2x+mY root@ubuntu-bionic
[   14.633282] cloud-init[664]: The key's randomart image is:
[   14.633659] cloud-init[664]: +---[RSA 2048]----+
[   14.634107] cloud-init[664]: |          .o+OB%X|
[   14.634658] cloud-init[664]: |         . ooo+&%|
[   14.635204] cloud-init[664]: |        . o O B=*|
[[0;32m  OK  [0m] Started Initial cloud-init job (metadata service crawler).
[[0;32m  OK  [0m] Reached target Network is Online.
[   14.650436] cloud-init[664]: |       .   = B.o.|
         Starting Availability of block devices...
[[0;32m  OK  [0m] Reached target Remote File Systems (Pre).
[[0;32m  OK  [0m] Reached target Remote File Systems.
[[0;32m  OK  [0m] Reached target Cloud-config availability.
[[0;32m  OK  [0m] Reached target System Initialization.
[[0;32m  OK  [0m] Started Message of the Day.
         Starting Socket activation for snappy daemon.
[[0;32m  OK  [0m] Started Discard unused blocks once a week.
[[0;32m  OK  [0m] Listening on D-Bus System Message Bus Socket.
[   14.666218] cloud-init[664]: |        S   . + +|
         Starting LXD - unix socket.
[   14.718933] cloud-init[664]: |               +.|
[   14.768419] cloud-init[664]: |              . .|
[   14.768869] cloud-init[664]: |             . E |
[   14.769463] cloud-init[664]: |              +. |
[   14.769771] cloud-init[664]: +----[SHA256]-----+
[   14.770348] cloud-init[664]: Generating public/private dsa key pair.
[   14.771144] cloud-init[664]: Your identification has been saved in /etc/ssh/ssh_host_dsa_key.
[   14.772109] cloud-init[664]: Your public key has been saved in /etc/ssh/ssh_host_dsa_key.pub.
[   14.773115] cloud-init[664]: The key fingerprint is:
[[   14.886267] [0;32m  OK  [0mcloud-init] [664]: Started ACPI Events Check.SHA256:AQ6qkSGsuE50X6tqIk2y0HF/R8sAOCW+/RH6AIrl1QY root@ubuntu-bionic

[[   14.886350] [0;32m  OK  [0mcloud-init] Reached target Paths.[664]: 
The key's randomart image is:
[   14.887934] cloud-init[664]: +---[DSA 1024]----+
[[   14.888286] cloud-init[664]: |+   Eoo          |
[   14.888342] cloud-init[664]: |.+ oo*..         |
[0;32m  OK  [0m] Listening on ACPID Listen Socket.
[   14.888639] cloud-init[664]: |= o +.+.o        |
[[0;32m  OK  [0m[   14.890100] cloud-init[664]: |oB.+.= o.o.      |
[   14.890316] cloud-init[664]: |+o+oo.= S+ .     |
[   14.890726] cloud-init[664]: |+.o  ..=..+      |
[   14.891119] cloud-init[664]: |+=    ..o.       |
[   14.891521] cloud-init[664]: |oo.. .           |
] Listening on UUID daemon activation socket.
[[   14.891815] cloud-init[664]: |. o..            |
[   14.893000] cloud-init[664]: +----[SHA256]-----+
[   14.893405] cloud-init[664]: Generating public/private ecdsa key pair.
[   14.893803] cloud-init[664]: Your identification has been saved in /etc/ssh/ssh_host_ecdsa_key.
[   14.894201] cloud-init[664]: Your public key has been saved in /etc/ssh/ssh_host_ecdsa_key.pub.
[   14.894602] cloud-init[664]: The key fingerprint is:
[   14.894992] cloud-init[664]: SHA256:DzA6r3MVDxVKkpAWOpPrngbBGXIqdHC7wxIPTSVbl2k root@ubuntu-bionic
[   14.895403] cloud-init[664]: The key's randomart image is:
[   14.895794] cloud-init[664]: +---[ECDSA 256]---+
[   14.896352] cloud-init[664]: | ..++*.o+ ..     |
[   14.896734] cloud-init[664]: |.o=+B oE ..      |
[   14.896787] cloud-init[664]: |+=O=  + ..       |
[   14.897165] cloud-init[664]: |+o=+.. oo        |
[   14.897568] cloud-init[664]: |.o.=o   S+       |
[   14.897961] cloud-init[664]: |... .o  .o.      |
[   14.898365] cloud-init[664]: | ..   ..  .      |
[   14.898759] cloud-init[664]: | ......          |
[   14.899165] cloud-init[664]: | .o .o           |
[   14.899547] cloud-init[664]: +----[SHA256]-----+
[   14.899939] cloud-init[664]: Generating public/private ed25519 key pair.
[0;32m  OK  [0m] Listening on Open-iSCSI iscsid Socket.
[   14.900198] cloud-init[664]: Your identification has been saved in /etc/ssh/ssh_host_ed25519_key.
[[   14.904675] cloud-init[664]: Your public key has been saved in /etc/ssh/ssh_host_ed25519_key.pub.
[   14.904752] cloud-init[664]: The key fingerprint is:
[   14.905160] cloud-init[664]: SHA256:oqeAkdYHNReiqSqMb6p28pXq/sCjPBv1kMwvGSUY6lQ root@ubuntu-bionic
[   14.905557] cloud-init[664]: The key's randomart image is:
[   14.905947] cloud-init[664]: +--[ED25519 256]--+
[   14.906351] cloud-init[664]: | . E + o.        |
[   14.906741] cloud-init[664]: |. + + +          |
[   14.907148] cloud-init[664]: |.o = .           |
[   14.907536] cloud-init[664]: |o.= =            |
[   14.907949] cloud-init[664]: |o+ O .. S        |
[0;32m  OK  [0m] Started Daily apt download activities.
[   14.908220] cloud-init[664]: |=oo B...         |
[[   14.920801] cloud-init[664]: |=o.*.=.          |
[0;32m  OK  [0m[   14.920876] ] cloud-initStarted Daily apt upgrade and clean activities.[664]: 
|o=+o*o           |
[[0;32m  OK  [0m] Started Daily Cleanup of Temporary Directories.
[[   14.932853] [0;32m  OK  [0mcloud-init[664]: ] |=*X=o.           |Reached target Timers.

[   14.944890] cloud-init[664]: +----[SHA256]-----+
[[0;32m  OK  [0m] Started Availability of block devices.
[[0;32m  OK  [0m] Listening on Socket activation for snappy daemon.
[[0;32m  OK  [0m] Listening on LXD - unix socket.
[[0;32m  OK  [0m] Reached target Sockets.
[[0;32m  OK  [0m] Reached target Basic System.
         Starting Dispatcher daemon for systemd-networkd...
         Starting LXD - container startup/shutdown...
         Starting Pollinate to seed the pseudo random number generator...
         Starting Login Service...
         Starting System Logging Service...
[[0;32m  OK  [0m] Started Regular background program processing daemon.
[[0;32m  OK  [0m] Started D-Bus System Message Bus.
[[0;32m  OK  [0m] Started Login Service.
[[0;32m  OK  [0m] Started irqbalance daemon.
[[0;32m  OK  [0m] Started FUSE filesystem for LXC.
         Starting Virtualbox guest utils...
         Starting Snappy daemon...
[[0;32m  OK  [0m] Started Unattended Upgrades Shutdown.
         Starting LSB: Record successful boot for GRUB...
         Starting Accounts Service...
[[0;32m  OK  [0m] Started Deferred execution scheduler.
         Starting LSB: automatic crash report generation...
         Starting Permit User Sessions...
[[0;32m  OK  [0m] Started System Logging Service.
[[0;32m  OK  [0m] Started LXD - container startup/shutdown.
[[0;32m  OK  [0m] Started Permit User Sessions.
         Starting Hold until boot process finishes up...
         Starting Terminate Plymouth Boot Screen...
[[0;32m  OK  [0m] Started Hold until boot process finishes up.
         Starting Set console scheme...
[[0;32m  OK  [0m] Started Serial Getty on ttyS0.
[[0;32m  OK  [0m] Started Terminate Plymouth Boot Screen.
[[0;32m  OK  [0m] Started Set console scheme.
[[0;32m  OK  [0m] Created slice system-getty.slice.
[[0;32m  OK  [0m] Started Getty on tty1.
[[0;32m  OK  [0m] Reached target Login Prompts.
[[0;32m  OK  [0m] Started Dispatcher daemon for systemd-networkd.
         Starting Authorization Manager...
[[0;32m  OK  [0m] Started LSB: automatic crash report generation.
[[0;32m  OK  [0m] Started Virtualbox guest utils.
[[0;32m  OK  [0m] Started LSB: Record successful boot for GRUB.
[[0;32m  OK  [0m] Started Authorization Manager.
[[0;32m  OK  [0m] Started Accounts Service.
[[0;32m  OK  [0m] Started Snappy daemon.
         Starting Wait until snapd is fully seeded...
[[0;32m  OK  [0m] Started Pollinate to seed the pseudo random number generator.
         Starting OpenBSD Secure Shell server...
[[0;32m  OK  [0m] Started OpenBSD Secure Shell server.
[[0;32m  OK  [0m] Created slice User Slice of vagrant.
         Starting User Manager for UID 1000...
[[0;32m  OK  [0m] Started Session 1 of user vagrant.
[[0;32m  OK  [0m] Started User Manager for UID 1000.
[[0;32m  OK  [0m] Started Wait until snapd is fully seeded.
         Starting Apply the settings specified in cloud-config...
[[0;32m  OK  [0m] Reached target Multi-User System.
[[0;32m  OK  [0m] Reached target Graphical Interface.
         Starting Update UTMP about System Runlevel Changes...
[[0;32m  OK  [0m] Started Update UTMP about System Runlevel Changes.
[   20.571323] cloud-init[1272]: Cloud-init v. 19.4-33-gbb4131a2-0ubuntu1~18.04.1 running 'modules:config' at Tue, 31 Mar 2020 03:20:30 +0000. Up 19.74 seconds.
ci-info: no authorized SSH keys fingerprints found for user ubuntu.
<14>Mar 31 03:20:31 ec2: 
<14>Mar 31 03:20:31 ec2: #############################################################
<14>Mar 31 03:20:31 ec2: -----BEGIN SSH HOST KEY FINGERPRINTS-----
<14>Mar 31 03:20:31 ec2: 1024 SHA256:AQ6qkSGsuE50X6tqIk2y0HF/R8sAOCW+/RH6AIrl1QY root@ubuntu-bionic (DSA)
<14>Mar 31 03:20:32 ec2: 256 SHA256:DzA6r3MVDxVKkpAWOpPrngbBGXIqdHC7wxIPTSVbl2k root@ubuntu-bionic (ECDSA)
<14>Mar 31 03:20:32 ec2: 256 SHA256:oqeAkdYHNReiqSqMb6p28pXq/sCjPBv1kMwvGSUY6lQ root@ubuntu-bionic (ED25519)
<14>Mar 31 03:20:32 ec2: 2048 SHA256:1J1sDw53xcFnPJeO/APFQAbUF89YMw4dYlETrf2x+mY root@ubuntu-bionic (RSA)
<14>Mar 31 03:20:32 ec2: -----END SSH HOST KEY FINGERPRINTS-----
<14>Mar 31 03:20:32 ec2: #############################################################
-----BEGIN SSH HOST KEY KEYS-----
ecdsa-sha2-nistp256 AAAAE2VjZHNhLXNoYTItbmlzdHAyNTYAAAAIbmlzdHAyNTYAAABBBDz86PWQM1RmZrTmR0j6EVkBDmk6R1qS9odJN8l+vK/Aww8TMA8zPW6bAaJJJeTC3jiSx6fdGqE5Zcho/9ClRH8= root@ubuntu-bionic
ssh-ed25519 AAAAC3NzaC1lZDI1NTE5AAAAIB/QYqEQnkYUe6ALqzm0QNBUy+99R4fJqNlZqEjNaVjn root@ubuntu-bionic
ssh-rsa AAAAB3NzaC1yc2EAAAADAQABAAABAQDFkrYuYwIZS7BJE81bwgv4QVcu4y9Qiypatplod4eZBcYUJcWs0+O7wf/XWaJq3RlBtuIAk6QFgZHi41WfSwf4bOJ3dwbrkptdVGjR9Uho4cHOx9mIuKlGCUKv58xbkpNjy0IcKJ5+JLPKlUgnRsD17uvrd8XTxL0vH5Hhgnu9QJ9CzIjJenAYKhY9hnpVTnmn3NGDLGItsfnV6DuQiNvpOegRtjG6uxDVUSzvmcHGMExi0eWZ22p+pnWDjNfKsO+yL2UluZvq+d+IrahfdkFddIImC4JSYPq27fEEDtvXW/mM7V4AOGJW0Xt8/KqRD2t/JfPNxySqIUVird5IVa9J root@ubuntu-bionic
-----END SSH HOST KEY KEYS-----
[   21.261377] cloud-init[1374]: Cloud-init v. 19.4-33-gbb4131a2-0ubuntu1~18.04.1 running 'modules:final' at Tue, 31 Mar 2020 03:20:31 +0000. Up 21.08 seconds.
[   21.261502] cloud-init[1374]: ci-info: no authorized SSH keys fingerprints found for user ubuntu.
[   21.261871] cloud-init[1374]: Cloud-init v. 19.4-33-gbb4131a2-0ubuntu1~18.04.1 finished at Tue, 31 Mar 2020 03:20:32 +0000. Datasource DataSourceNoCloud [seed=/dev/sdb][dsmode=net].  Up 21.25 seconds

Ubuntu 18.04.4 LTS ubuntu-bionic ttyS0

ubuntu-bionic login: 